// Jest Snapshot v1, https://goo.gl/fbAQLP

exports[`Header Component Test To match Snapshot 1`] = `ShallowWrapper {}`;
