// Jest Snapshot v1, https://goo.gl/fbAQLP

exports[`Main Component Test TO match snapshot 1`] = `ShallowWrapper {}`;
